// Jest Snapshot v1, https://goo.gl/fbAQLP

exports[`NotFound Snapshot renders correctly 1`] = `
<DocumentFragment>
  <div
    style="padding: 20px; min-height: 70vh; background-color: rgb(255, 255, 255); color: rgb(34, 34, 34); transition: 0.3s; text-align: center;"
  >
    <h1>
      404 - Page Not Found
    </h1>
    <p>
      Oops! The page you're looking for doesn't exist.
    </p>
  </div>
</DocumentFragment>
`;
